// Jest Snapshot v1, https://goo.gl/fbAQLP

exports[` PokemonOptions components   debe hacer match con el snapshot  1`] = `[Function]`;
